---
source: spade-language-server/src/tests/completion.rs
expression: "expected.to_string() + \"\\n---code ⬆️ completion ⬇️ ---\\n\" + &result"
---

        struct NameOfStruct {}
        impl NameOfStruct {
            fn method(self) {}
        }

        fn foo() -> bool {
            let s = NameOfStruct();

            let _ = s.
                 // ^[1] completion

            let another = false;

            false
        }
    
---code ⬆️ completion ⬇️ ---
Memory	-
NameOfStruct()	NameOfStruct()$0
Self	Self
_	-
bool	-
clock	-
foo()	foo()$0
inout	-
int	-
proj [proj]	proj
s	-
tri	-
uint	-
