---
source: spade-language-server/src/tests/completion.rs
expression: "expected.to_string() + \"\\n---code ⬆️ completion ⬇️ ---\\n\" + &result"
---

        struct NameOfStruct {}

        impl NameOfStruct {
            fn func(self) {}
        }

        fn foo() {
            NameOfStruct(). if
                        //  ^[1] completion
        }
    
---code ⬆️ completion ⬇️ ---
NameOfStruct(…) [proj::NameOfStruct]	NameOfStruct(${1})$0
Self [proj::Self]	Self
proj [proj]	proj
