---
source: spade-language-server/src/tests/hover.rs
expression: "expected.to_string() + \"\\n---code ⬆️ hover ⬇️ ---\\n\" + & s"
---
/// This is a doc string
fn foo() -> bool {true}

fn bar() -> bool {
    foo()
 //  ^[1] hover
}

---code ⬆️ hover ⬇️ ---
```spade
fn foo() -> bool
```
---
This is a doc string
---
**Expression type**:
```spade
bool
```
