---
source: spade-language-server/src/tests/completion.rs
expression: "expected.to_string() + \"\\n---code ⬆️ completion ⬇️ ---\\n\" + &result"
---

        struct NameOfStruct {
            field_a: bool,
            field_b: int<4>,
        }
        impl NameOfStruct {
            fn method(self) {}
        }

        fn foo() -> bool {
            let s = NameOfStruct(false, 2);

            
      //    ^[1] completion
            false
        }
    
---code ⬆️ completion ⬇️ ---
NameOfStruct(…) [proj::NameOfStruct]	NameOfStruct(${1:field_a}, ${2:field_b})$0
Self [proj::Self]	Self
foo() [proj::foo]	foo()$0
proj [proj]	proj
s	-
