---
source: spade-language-server/src/tests/completion.rs
expression: "expected.to_string() + \"\\n---code ⬆️ completion ⬇️ ---\\n\" + &result"
---

        enum A {
            B,
            C{x: bool},
        }

        fn main() {
            let x = ;
            match x {
                A::  =>
            }
        }

        fn func2() {
         
        // ^[1] completion
        }
    
---code ⬆️ completion ⬇️ ---
A	-
Memory	-
bool	-
clock	-
inout	-
int	-
main() [proj::main]	main()$0
proj [proj]	proj
tri	-
uint	-
