---
source: spade-language-server/src/tests/completion.rs
expression: "expected.to_string() + \"\\n---code ⬆️ completion ⬇️ ---\\n\" + &result"
---

        struct NameOfStruct {}

        impl NameOfStruct {
            fn func(self) {}
        }

        fn foo() {
            NameOfStruct(). if
                        //  ^[1] completion
        }
    
---code ⬆️ completion ⬇️ ---
Memory	-
NameOfStruct() [proj::NameOfStruct]	NameOfStruct()$0
Self [proj::Self]	Self
bool	-
clock	-
inout	-
int	-
proj [proj]	proj
tri	-
uint	-
