---
source: spade-tests/src/hir_lowering.rs
---
extern fn test(a: bool, b: bool) -> bool;
fn main() -> bool {
    test$(a: true)
}


error: Missing argument: b
  ┌─ testinput:3:10
  │
1 │ extern fn test(a: bool, b: bool) -> bool;
  │        ---------------------------------- function defined here
2 │ fn main() -> bool {
3 │     test$(a: true)
  │          ^^^^^^^^^ Missing argument: b
