---
source: spade-tests/src/hir_lowering.rs
expression: "itertools :: Itertools ::\njoin(& mut items.iter().map(| item | format! (\"{item}\")), \"\\n\")"
---
entity \test ((clk, clk_n77, bool), (x, x_n78, [uint<8>; 3])) -> [uint<8>; 3] {
	let e201: uint<8> = IndexTuple(0)(x_n78)
	reg(clk_n77) e202: uint<8> = e201
	let e203: uint<8> = IndexTuple(1)(x_n78)
	reg(clk_n77) e204: uint<8> = e203
	let e205: uint<8> = IndexTuple(2)(x_n78)
	reg(clk_n77) e206: uint<8> = e205
	let s1_x_n261: [uint<8>; 3] = ConstructTuple(e202, e204, e206)
} => s1_x_n261
