---
source: spade-tests/src/integration.rs
---
trait X {
    fn method(self);
}

impl X for bool {
    unsafe fn method(self) { }
}


error: Safeness of impl method does not match that of trait definition
  ┌─ testinput:6:15
  │
2 │     fn method(self);
  │        ------ But the trait definition isn't
  ·
6 │     unsafe fn method(self) { }
  │               ^^^^^^ This impl is marked as unsafe
  │
  = Remove unsafe here
  │
6 │     unsafe fn method(self) { }
  │     ------
