---
source: spade-tests/src/linear_check.rs
---
struct port A {
    x: inv &bool,
    y: &bool
}
struct port B {
    a: A
}
entity x(resource: B) -> bool {
    true
}


error: resource.a.x is unused
  ┌─ testinput:8:10
  │
8 │ entity x(resource: B) -> bool {
  │          ^^^^^^^^ resource.a.x is unused
  │
  = note: resource.a.x is an inverted wire (`inv &`) which must be set
