---
source: spade-tests/src/integration.rs
expression: "items.iter().map(| item | format! (\"{item}\")).join(\"\\n\")"
---
entity \test ((clk, clk_n84, bool)) -> () {
	const e8: uint<8> = 2
	let e7: {x: uint<8>} = ConstructTuple(e8)
	const e10: uint<16> = 3
	let e6: () = Instance(\impl#0::a )(e7, clk_n84, e10)
} => e6
entity \impl#0::a ((self, self_n81, {x: uint<8>}), (clk, clk_n82, bool), (val, val_n83, uint<16>)) -> () {
	reg(clk_n82) s1_self_n267: {x: uint<8>} = self_n81
	reg(clk_n82) s1_val_n268: uint<16> = val_n83
	reg(clk_n82) s2_self_n269: {x: uint<8>} = s1_self_n267
	reg(clk_n82) s2_val_n270: uint<16> = s1_val_n268
	reg(clk_n82) s3_self_n271: {x: uint<8>} = s2_self_n269
	reg(clk_n82) s3_val_n272: uint<16> = s2_val_n270
	let e3: () = Nop()
} => e3
