---
source: spade-tests/src/hir_lowering.rs
expression: "items.iter().map(| item | format! (\"{item}\")).join(\"\\n\")"
---
entity \test () -> () {
	let e2: {} = ConstructTuple()
	let x_n13: {} = Alias(e2)
	let e9: () = ConstructTuple()
	let e7: () = Instance(\impl#0::call[26] )(x_n13, e9)
} => e1
entity \impl#0::call[26] ((self, self_n20, {}), (args, args_n21, ())) -> () {
} => e3
