---
source: spade-tests/src/inline.rs
expression: "itertools :: Itertools ::\njoin(& mut items.iter().map(| item | format! (\"{item}\")), \"\\n\")"
---
entity \test () -> () {
	const e334: uint<10> = 3
	let x_n358: uint<10> = Alias(e334)
	const e350: uint<10> = 2
	let x_n369: uint<10> = Alias(e350)
	const e372: uint<10> = 1
	let x_n384: uint<10> = Alias(e372)
	const e400: uint<10> = 0
	let x_n403: uint<10> = Alias(e400)
	const e399: uint<8> = 0
	let e384: uint<8> = Alias(e399)
	let result_n394: uint<8> = Alias(e384)
	let e373: uint<8> = Alias(result_n394)
	let e362: uint<8> = Alias(e373)
	let result_n377: uint<8> = Alias(e362)
	let e351: uint<8> = Alias(result_n377)
	let e343: uint<8> = Alias(e351)
	let result_n364: uint<8> = Alias(e343)
	let e335: uint<8> = Alias(result_n364)
	let e332: uint<8> = Alias(e335)
	let result_n356: uint<8> = Alias(e332)
	let e19: uint<8> = Alias(result_n356)
	let __n91: uint<8> = Alias(e19)
	const e418: uint<10> = 3
	let x_n415: uint<10> = Alias(e418)
	const e434: uint<10> = 2
	let x_n426: uint<10> = Alias(e434)
	const e456: uint<10> = 1
	let x_n441: uint<10> = Alias(e456)
	const e484: uint<10> = 0
	let x_n460: uint<10> = Alias(e484)
	const e483: uint<8> = 0
	let e468: uint<8> = Alias(e483)
	let result_n451: uint<8> = Alias(e468)
	let e457: uint<8> = Alias(result_n451)
	let e446: uint<8> = Alias(e457)
	let result_n434: uint<8> = Alias(e446)
	let e435: uint<8> = Alias(result_n434)
	let e427: uint<8> = Alias(e435)
	let result_n421: uint<8> = Alias(e427)
	let e419: uint<8> = Alias(result_n421)
	let e416: uint<8> = Alias(e419)
	let result_n413: uint<8> = Alias(e416)
	let e21: uint<8> = Alias(result_n413)
	let __n92: uint<8> = Alias(e21)
	let e18: () = Nop()
} => e18
