---
source: spade-tests/src/hir_lowering.rs
expression: "items.iter().map(| item | format! (\"{item}\")).join(\"\\n\")"
---
entity \uwu ((e, e_n84, enum option [], option [])) -> bool {
	let e4: enum option [], option [] = Alias(e_n84)
	const e6: int<7> = 6
	const e7: int<7> = 8
	let e312: bool = Eq(e6, e7)
	let e5: bool = Alias(e312)
	let e308: bool = IsEnumVariant(0)(e_n84)
	let e309: bool = LogicalAnd(e308, e5)
	const e8: bool = true
	let __n85: enum option [], option [] = Alias(e_n84)
	const e310: bool = true
	const e10: bool = false
	let e2: bool = Match(e309, e8, e310, e10)
} => e2
