---
source: spade-tests/src/const_generics.rs
expression: "itertools :: Itertools ::\njoin(& mut items.iter().map(| item | format! (\"{item}\")), \"\\n\")"
---
entity \bar () -> () {
	const e4: uint<3> = 0
	let e3: () = Instance(\foo[510] )(e4)
	let __n92: () = Alias(e3)
	const e7: uint<4> = 0
	let e6: () = Instance(\foo[511] )(e7)
	let __n93: () = Alias(e6)
	let e2: () = Nop()
} => e2
entity \foo[510] ((value, value_n91, uint<3>)) -> () {
	let e1: () = Nop()
} => e1
entity \foo[511] ((value, value_n91, uint<4>)) -> () {
	let e1: () = Nop()
} => e1
