---
source: spade-tests/src/domain_inference.rs
---
fn test<'a, 'b>(a: 'a bool, b: 'a bool)  -> 'b (bool, bool) {
    (a, b)
}


error: Domain mismatch, expected 'b, but it is in ('a, 'a)
  ┌─ testinput:2:5
  │
1 │ fn test<'a, 'b>(a: 'a bool, b: 'a bool)  -> 'b (bool, bool) {
  │                                             --------------- 'b was specified here
2 │     (a, b)
  │     ^^^^^^ Expected domain 'b, found ('a, 'a)
