---
source: spade-tests/src/data_requirements.rs
---
entity test(clk: clock) {
    reg(clk) r = port;
}


error: Trait bound not satisfied. (_, inv _) does not implement core::Data
  ┌─ testinput:2:14
  │
2 │     reg(clk) r = port;
  │     ---      ^   ---- The type of this expression is not Data which means it cannot be stored in a register.
  │     │        │    
  │     │        (_, inv _) does not implement core::Data
  │     Required because of the trait bound specified here
  │
  = help: An expression not being Data typically means it contains at least one `inv` type
  = help: You can learn more about `Data` here: https://docs.spade-lang.org/typst/wires.html
