---
source: spade-tests/src/domain_inference.rs
---
struct T {
    x: bool
}

entity test<'a, 'b>(a: 'a T) -> 'b bool {
    a.x
}

error: Mixing signals in different domains
  ┌─ testinput:5:41
  │  
5 │   entity test<'a, 'b>(a: 'a T) -> 'b bool {
  │                                      ---- This has domain 'b
  │ ╭─────────────────────────────────────────^
6 │ │     a.x
7 │ │ }
  │ ╰─^ This has domain 'a
