---
source: spade-tests/src/ast_lowering.rs
---
mod a {
    mod secret {}
}

mod b {
    use super::a::secret; // this will fail
}


error: secret is inaccessible
  ┌─ testinput:6:19
  │
2 │     mod secret {}
  │     ------------- The inaccessible item is defined here
  ·
6 │     use super::a::secret; // this will fail
  │                   ^^^^^^ secret is inaccessible
  │
  = Consider adding `pub`
  │
2 │     pub mod secret {}
  │     ++++
  = Or a more limited visiblity like pub(lib) or pub(super)
  │
2 │     pub(lib) mod secret {}
  │     +++++++++
