---
source: spade-tests/src/domain_inference.rs
---
entity test<'a, 'b>(a: 'a bool) -> 'b bool {
    !a
}

error: Mixing signals in different domains
  ┌─ testinput:1:44
  │  
1 │   entity test<'a, 'b>(a: 'a bool) -> 'b bool {
  │                                         ---- This has domain 'b
  │ ╭────────────────────────────────────────────^
2 │ │     !a
3 │ │ }
  │ ╰─^ This has domain 'a
