---
source: spade-tests/src/hir_lowering.rs
---
entity x(#[no_mangle] t: (bool, inv bool)) -> bool {
    set t.1 = false;
    true
}


error: Parameters with both `inv` and non-`inv` contents cannot be #[no_mangle]
  ┌─ testinput:1:10
  │
1 │ entity x(#[no_mangle] t: (bool, inv bool)) -> bool {
  │          ^^^^^^^^^^^^    ---------------- This has both `inv` and non-`inv` components
  │          │                
  │          Not allowed on mixed-direction parameters
