---
source: spade-tests/src/hir_lowering.rs
expression: "items.iter().map(| item | format! (\"{item}\")).join(\"\\n\")"
---
entity \uwu ((e, e_n89, int<16>)) -> bool {
	let x_n90: int<16> = Alias(e_n89)
	const e6: int<7> = 6
	const e7: int<7> = 8
	let e394: bool = Eq(e6, e7)
	let e5: bool = Alias(e394)
	let e389: bool = Alias(e5)
	const e8: bool = true
	let __n91: int<16> = Alias(e_n89)
	const e11: int<7> = 0
	const e12: int<7> = 1
	let e396: bool = Eq(e11, e12)
	let e10: bool = Alias(e396)
	let e390: bool = Alias(e10)
	const e13: bool = false
	let __n92: int<16> = Alias(e_n89)
	const e391: bool = true
	const e15: bool = false
	let e2: bool = Match(e389, e8, e390, e13, e391, e15)
} => e2
