---
source: spade-tests/src/hir_lowering.rs
expression: "items.iter().map(| item | format! (\"{item}\")).join(\"\\n\")"
---
entity \uwu ((e, e_n77, int<16>)) -> bool {
	let x_n78: int<16> = Alias(e_n77)
	const e6: int<7> = 6
	const e7: int<7> = 8
	let e218: bool = Eq(e6, e7)
	let e5: bool = Alias(e218)
	let e213: bool = Alias(e5)
	const e8: bool = true
	let __n79: int<16> = Alias(e_n77)
	const e11: int<7> = 0
	const e12: int<7> = 1
	let e220: bool = Eq(e11, e12)
	let e10: bool = Alias(e220)
	let e214: bool = Alias(e10)
	const e13: bool = false
	let __n80: int<16> = Alias(e_n77)
	const e215: bool = true
	const e15: bool = false
	let e2: bool = Match(e213, e8, e214, e13, e215, e15)
} => e2
