---
source: spade-tests/src/domain_inference.rs
---
entity test<'a, 'b>(a: 'a bool) -> 'b bool {
    if true {
        a
    } else {
        false
    }
}

error: Mixing signals in different domains
  ┌─ testinput:2:5
  │  
1 │   entity test<'a, 'b>(a: 'a bool) -> 'b bool {
  │                                         ---- This has domain 'b
2 │ ╭     if true {
3 │ │         a
4 │ │     } else {
5 │ │         false
6 │ │     }
  │ ╰─────^ This has domain 'a
