---
source: spade-tests/src/hir_lowering.rs
---
fn test() -> uint<8> {
    match false {
        true => 1,
        false if true => 2,
        false if false => 3,
    }
}


error: Non-exhaustive match: pattern false not covered
  ┌─ testinput:2:5
  │  
2 │ ╭     match false {
3 │ │         true => 1,
4 │ │         false if true => 2,
  │ │         ----- This provides false but the branch has a predicate
5 │ │         false if false => 3,
  │ │         ----- This provides false but the branch has a predicate
6 │ │     }
  │ ╰─────^ pattern false not covered
  │  
  = note: Predicated branches are ignored when checking exhaustiveness
