---
source: spade-tests/src/linear_check.rs
---
struct port A {
    a: inv &bool,
    b: inv &bool,
}
entity x(a: A) -> inv &bool {
    a.a
}


error: a.b is unused
  ┌─ testinput:5:10
  │
5 │ entity x(a: A) -> inv &bool {
  │          ^ a.b is unused
  │
  = note: a.b is a ~& value which must be set
