---
source: spade-tests/src/integration.rs
expression: "items.iter().map(| item | format! (\"{item}\")).join(\"\\n\")"
---
entity \test () -> () {
	let e12: {} = ConstructTuple()
	let e11: () = Instance(\impl_0::test[28] )(e12)
} => e11
entity \impl_0::test[28] ((self, self_n12, {})) -> () {
	let e2: {} = ConstructTuple()
	let e8: () = ConstructTuple()
	let e1: () = Instance(\impl_1::call[29] )(e2, e8)
	let l_n23: () = Alias(e1)
} => e0
entity \impl_1::call[29] ((self, self_n20, {}), (args, args_n21, ())) -> () {
	const e5: uint<8> = 5
	let x_n22: uint<8> = Alias(e5)
} => e7
