---
source: spade-tests/src/inline.rs
expression: "itertools :: Itertools ::\njoin(& mut items.iter().map(| item | format! (\"{item}\")), \"\\n\")"
---
entity \test () -> () {
	const e233: uint<8> = 0
	let addr_n270: uint<8> = Alias(e233)
	const e237: bool = true
	const e235: uint<8> = 0
	let e245: bool = Eq(addr_n270, e235)
	let e234: bool = Alias(e245)
	let e232: bool = Match(e237, e234)
	let self_has_value_n271: bool = Alias(e232)
	let e236: () = Nop()
	let e230: () = Alias(e236)
	let result_n268: () = Alias(e230)
	let e22: () = Alias(result_n268)
} => e22
