---
source: spade-tests/src/ast_lowering.rs
---
struct Thing {}

use lib::submod::Thing;
struct Thing2 {
    field: Thing
}

mod submod;
mod submod2;


error: Thing is inaccessible
  ┌─ src/submod2.spade:1:18
  │
1 │ use lib::submod::Thing;
  │                  ^^^^^ Thing is inaccessible
  │
  ┌─ src/submod.spade:1:1
  │
1 │ struct Thing {}
  │ --------------- The inaccessible item is defined here
  │
  = note: consider using `pub` to alter its visibility
