---
source: spade-tests/src/hir_lowering.rs
expression: "itertools :: Itertools ::\njoin(& mut items.iter().map(| item | format! (\"{item}\")), \"\\n\")"
---
entity \use_regfile ((clk, clk_n94, bool), (regfile, regfile_n95, {write: inv (enum option [], option [uint<5>])})) -> () {
	let e2: inv (enum option [], option [uint<5>]) = IndexTuple(0)(regfile_n95)
	let e4: enum option [], option [uint<5>] = ConstructEnum(0)()
	set e2 = e4
	let e1: () = Nop()
} => e1
