---
source: spade-tests/src/integration.rs
expression: "items.iter().map(| item | format! (\"{item}\")).join(\"\\n\")"
---
entity \generic[523] () -> uint<8> {
	let e2: uint<8> = Instance(\impl#0::favnum )()
} => e2
entity \generic[524] () -> uint<8> {
	let e2: uint<8> = Instance(\impl#1::favnum )()
} => e2
entity \test () -> (uint<8>, uint<8>) {
	let e9: uint<8> = Instance(\generic[523] )()
	let e10: uint<8> = Instance(\generic[524] )()
	let e8: (uint<8>, uint<8>) = ConstructTuple(e9, e10)
} => e8
entity \impl#0::favnum () -> uint<8> {
	const e4: uint<8> = 13
} => e4
entity \impl#1::favnum () -> uint<8> {
	const e6: uint<8> = 0
} => e6
