---
source: spade-tests/src/parser.rs
---
entity foo();


error: This entity is missing a body
  ┌─ testinput:1:1
  │
1 │ entity foo();
  │ ^^^^^^^^^^^^
  │
  = Did you forget to add the entity's body?
  │
1 │ entity foo() {}
  │             ~~~
  = Or did you mean to declare an `extern` entity?
  │
1 │ extern entity foo();
  │ +++++++
