---
source: spade-tests/src/inline.rs
expression: "itertools :: Itertools ::\njoin(& mut items.iter().map(| item | format! (\"{item}\")), \"\\n\")"
---
entity \test () -> () {
	const e411: uint<10> = 3
	let x_n463: uint<10> = Alias(e411)
	const e427: uint<10> = 2
	let x_n474: uint<10> = Alias(e427)
	const e449: uint<10> = 1
	let x_n489: uint<10> = Alias(e449)
	const e477: uint<10> = 0
	let x_n508: uint<10> = Alias(e477)
	const e476: uint<8> = 0
	let e461: uint<8> = Alias(e476)
	let result_n499: uint<8> = Alias(e461)
	let e450: uint<8> = Alias(result_n499)
	let e439: uint<8> = Alias(e450)
	let result_n482: uint<8> = Alias(e439)
	let e428: uint<8> = Alias(result_n482)
	let e420: uint<8> = Alias(e428)
	let result_n469: uint<8> = Alias(e420)
	let e412: uint<8> = Alias(result_n469)
	let e409: uint<8> = Alias(e412)
	let result_n461: uint<8> = Alias(e409)
	let e19: uint<8> = Alias(result_n461)
	let __n94: uint<8> = Alias(e19)
	const e495: uint<10> = 3
	let x_n520: uint<10> = Alias(e495)
	const e511: uint<10> = 2
	let x_n531: uint<10> = Alias(e511)
	const e533: uint<10> = 1
	let x_n546: uint<10> = Alias(e533)
	const e561: uint<10> = 0
	let x_n565: uint<10> = Alias(e561)
	const e560: uint<8> = 0
	let e545: uint<8> = Alias(e560)
	let result_n556: uint<8> = Alias(e545)
	let e534: uint<8> = Alias(result_n556)
	let e523: uint<8> = Alias(e534)
	let result_n539: uint<8> = Alias(e523)
	let e512: uint<8> = Alias(result_n539)
	let e504: uint<8> = Alias(e512)
	let result_n526: uint<8> = Alias(e504)
	let e496: uint<8> = Alias(result_n526)
	let e493: uint<8> = Alias(e496)
	let result_n518: uint<8> = Alias(e493)
	let e21: uint<8> = Alias(result_n518)
	let __n95: uint<8> = Alias(e21)
	let e18: () = Nop()
} => e18
