---
source: spade-tests/src/hir_lowering.rs
---
fn a<N>(x: int<N>, y: int<32>) -> int<33> {
    x + y
}

fn main() -> int<33> {
    let x: int<16> = 0;
    let y: int<32> = 0;
    a(x, y)
}


error: int requires either a known wordlength (int<5>) or a range (int<N..M>)
  ┌─ testinput:1:16
  │
1 │ fn a<N>(x: int<N>, y: int<32>) -> int<33> {
  │                ^
  │
  = help: Perhaps you ment a generic range with (int<N..M>)?


