---
source: spade-tests/src/hir_lowering.rs
expression: "items.iter().map(| item | format! (\"{item}\")).join(\"\\n\")"
---
entity \test () -> () {
	let e2: {} = ConstructTuple()
	let x_n13: {} = Alias(e2)
	let e9: () = ConstructTuple()
	let e7: () = Instance(\impl_0::call[25] )(x_n13, e9)
} => e1
entity \impl_0::call[25] ((self, self_n19, {}), (args, args_n20, ())) -> () {
} => e3
