---
source: spade-tests/src/integration.rs
expression: "itertools :: Itertools ::\njoin(& mut items.iter().map(| item | format! (\"{item}\")), \"\\n\")"
---
entity \test ((o0, o0_n91, &mut (enum option [], option [uint<8>]))) -> () {
	let e3: enum option [], option [uint<8>] = ConstructEnum(0)()
	set o0_n91 = e3
	let e1: () = Nop()
} => e1
