---
source: spade-tests/src/domain_inference.rs
---
entity test<'a, 'b>(a: 'a (bool, bool)) -> 'b bool {
    a#0
}

error: Mixing signals in different domains
  ┌─ testinput:2:5
  │
1 │ entity test<'a, 'b>(a: 'a (bool, bool)) -> 'b bool {
  │                                               ---- This has domain 'b
2 │     a#0
  │     ^^^ This has domain 'a
