---
source: spade-tests/src/hir_lowering.rs
expression: "items.iter().map(| item | format! (\"{item}\")).join(\"\\n\")"
---
entity \uwu ((e, e_n104, enum option [], option [])) -> bool {
	let e4: enum option [], option [] = Alias(e_n104)
	const e6: int<7> = 6
	const e7: int<7> = 8
	let e393: bool = Eq(e6, e7)
	let e5: bool = Alias(e393)
	let e389: bool = IsEnumVariant(0)(e_n104)
	let e390: bool = LogicalAnd(e389, e5)
	const e8: bool = true
	let __n105: enum option [], option [] = Alias(e_n104)
	const e391: bool = true
	const e10: bool = false
	let e2: bool = Match(e390, e8, e391, e10)
} => e2
