---
source: spade-tests/src/typeinference.rs
---
fn test(x: int<8>, y: int<8>) -> uint<9> {
    x + y
}


error: Output type mismatch. Expected uint<9>, got int<9>
  ┌─ testinput:1:42
  │  
1 │   fn test(x: int<8>, y: int<8>) -> uint<9> {
  │              ------                ------- uint<9> type specified here
  │              │                      
  │              Type int<9> inferred here
  │ ╭──────────────────────────────────────────^
2 │ │     x + y
3 │ │ }
  │ ╰─^ Found type int<9>
  │  
  = note: Expected: uint<9>
               Got: int<9>
