---
source: spade-tests/src/hir_lowering.rs
expression: "format! (\"{}\", items [0])"
---
entity \test ((clk, clk_n1, bool), (x, x_n2, [uint<8>; 3])) -> [uint<8>; 3] {
	let e3: uint<8> = IndexTuple(0, [UInt(8), UInt(8), UInt(8)])(x_n2)
	reg(clk_n1) e4: uint<8> = e3
	let e5: uint<8> = IndexTuple(1, [UInt(8), UInt(8), UInt(8)])(x_n2)
	reg(clk_n1) e6: uint<8> = e5
	let e7: uint<8> = IndexTuple(2, [UInt(8), UInt(8), UInt(8)])(x_n2)
	reg(clk_n1) e8: uint<8> = e7
	let s1_x_n3: [uint<8>; 3] = ConstructTuple(e4, e6, e8)
} => s1_x_n3
