---
source: spade-tests/src/inline.rs
expression: "itertools :: Itertools ::\njoin(& mut items.iter().map(| item | format! (\"{item}\")), \"\\n\")"
---
entity \test () -> uint<9> {
	const e14: uint<8> = 1
	let val_n83: uint<8> = Alias(e14)
	const e222: uint<8> = 2
	let e225: uint<9> = UnsignedAdd(val_n83, e222)
	let e221: uint<9> = Alias(e225)
	let e16: uint<9> = Alias(e221)
} => e16
entity \test_inner () -> uint<9> {
	const e7: uint<8> = 0
	const e8: uint<8> = 1
	let e219: uint<9> = UnsignedAdd(e7, e8)
	let e6: uint<9> = Alias(e219)
} => e6
