---
source: spade-tests/src/domain_inference.rs
---
entity test<'a>(a: bool) {}


error: Missing a domain for this parameter
  ┌─ testinput:1:17
  │
1 │ entity test<'a>(a: bool) {}
  │                 ^ Missing domain
  │
  = help: In a unit with explicit domains, every domain must have a parameter
  = Consider specifying a domain
  │
1 │ entity test<'a>(a: '/*domain*/ bool) {}
  │                    ++++++++++++
  = Or explicitly adding an annonymous domain
  │
1 │ entity test<'_, 'a>(a: bool) {}
  │             ++++
