---
source: spade-tests/src/parser.rs
---
fn test() {
    let length: uint<8> = 24;
    let _ = [1u2; length];
}


error: Expected length to be a type
  ┌─ testinput:3:19
  │
2 │     let length: uint<8> = 24;
  │         ------ length is a variable
3 │     let _ = [1u2; length];
  │                   ^^^^^^ Expected a type
