---
source: spade-tests/src/ast_lowering.rs
---
mod a {
    struct Secret {}
}

fn test() -> a::Secret {
    a::Secret()
}


error: Secret is private
  ┌─ testinput:5:14
  │
2 │     struct Secret {}
  │     ---------------- The inaccessible item is defined here
  ·
5 │ fn test() -> a::Secret {
  │              ^^^^^^^^^
  │              │  │
  │              │  this item is not inaccessible from the current namespace
  │              private item
  │
  = note: consider using `pub` to alter its visibility
