---
source: spade-tests/src/linear_check.rs
---
entity x(resource: inv &bool) -> [inv &bool; 2] {
    [resource, resource]
}


error: Use of consumed resource
  ┌─ testinput:2:16
  │
2 │     [resource, resource]
  │      --------  ^^^^^^^^ Use of consumed resource
  │      │          
  │      Previously used here
