---
source: spade-tests/src/linear_check.rs
---
pipeline(0) x(clk: clock, resource: ~& bool) -> (~& bool, ~& bool) {
    (resource, resource)
}


error: Use of consumed resource
  ┌─ testinput:2:16
  │
2 │     (resource, resource)
  │      --------  ^^^^^^^^ Use of consumed resource
  │      │          
  │      Previously used here
