---
source: spade-tests/src/auto_traits.rs
---
struct A {
    x: (inv bool, bool)
}

fn needs_data<T: Data>(x: T) {}

fn test1(x: A) {
    needs_data(x)
}


error: Argument type mismatch. Expected core::marker::Data got A
  ┌─ testinput:8:16
  │
5 │ fn needs_data<T: Data>(x: T) {}
  │                  ---- Required because of the trait bound specified here
  ·
8 │     needs_data(x)
  │                ^ A does not implement core::marker::Data
