---
source: spade-tests/src/ast_lowering.rs
---
struct Thing {}

use lib::submod::Thing;
struct Thing2 {
    field: Thing
}

mod submod;
mod submod2;


error: Thing is inaccessible
  ┌─ src/submod2.spade:1:18
  │
1 │ use lib::submod::Thing;
  │                  ^^^^^ Thing is inaccessible
  │
  ┌─ src/submod.spade:1:1
  │
1 │ struct Thing {}
  │ --------------- The inaccessible item is defined here
  │
  = Consider adding `pub`
  │
1 │ pub struct Thing {}
  │ ++++
  = Or a more limited visiblity like pub(lib) or pub(super)
  │
1 │ pub(lib) struct Thing {}
  │ +++++++++
