---
source: spade-tests/src/ast_lowering.rs
---
struct Foo<T, U, #uint N> {
    t: T,
    u: [U; N],
}

impl<T> Foo<T, bool, 2> {
    fn foo(self) -> (T, [bool; 2]) {
        match self {
            Self$(t, u: [(), ()]) => (t, false),
        }
    }
}


error: Argument type mismatch. Expected [bool; 2] got [(); 2]
  ┌─ testinput:9:25
  │
3 │     u: [U; N],
  │        ------ Type bool inferred here
  ·
9 │             Self$(t, u: [(), ()]) => (t, false),
  │                         ^^^^^^^^
  │                         ││
  │                         │Type () inferred here
  │                         expected [bool; 2]
  │
  = note: Expected: bool
                in: [bool; 2]
               Got: ()
                in: [(); 2]
