---
source: spade-tests/src/data_requirements.rs
---
enum Type {
    V0,
    V1{x: inv bool}
}

fn test() -> Type {
    Type::V0
}


error: Enum members must be Data
  ┌─ testinput:3:11
  │
3 │     V1{x: inv bool}
  │           ^^^^^^^^
  │           │
  │           Non-data enum member
  │           This type is not Data
  │
  = help: Typically, a type not being Data means it has an `inv` part
  = help: You can learn more about `Data` here: https://docs.spade-lang.org/typst/wires.html
