---
source: spade-tests/src/const_generics.rs
expression: "itertools :: Itertools ::\njoin(& mut items.iter().map(| item | format! (\"{item}\")), \"\\n\")"
---
entity \bar () -> () {
	const e4: uint<3> = 0
	let e3: () = Instance(\foo[396] )(e4)
	let __n90: () = Alias(e3)
	const e7: uint<4> = 0
	let e6: () = Instance(\foo[397] )(e7)
	let __n91: () = Alias(e6)
	let e2: () = Nop()
} => e2
entity \foo[396] ((value, value_n89, uint<3>)) -> () {
	let e1: () = Nop()
} => e1
entity \foo[397] ((value, value_n89, uint<4>)) -> () {
	let e1: () = Nop()
} => e1
