---
source: spade-tests/src/ast_lowering.rs
---
fn test() -> bool {
    include!("hello" "world", + - -)
}


error: Incorrect number of tokens passed to `include!`
  ┌─ testinput:2:5
  │
2 │     include!("hello" "world", + - -)
  │     ^^^^^^^^
  │
  = note: A single string literal containing the path to include must be passed
