---
source: spade-tests/src/hir_lowering.rs
expression: build_items(code)
---
[
    Entity {
        name: UnitName {
            kind: Unescaped(
                "x",
            ),
            source: x#50,
        },
        inputs: [
            MirInput {
                name: "a",
                val_name: Named(
                    88,
                    "a",
                    Name(
                        a#88,
                    ),
                ),
                ty: Int(
                    8,
                ),
                no_mangle: Some(
                    (),
                ),
            },
            MirInput {
                name: "b",
                val_name: Named(
                    89,
                    "b",
                    Name(
                        b#89,
                    ),
                ),
                ty: Backward(
                    UInt(
                        8,
                    ),
                ),
                no_mangle: Some(
                    (),
                ),
            },
            MirInput {
                name: "c",
                val_name: Named(
                    90,
                    "c",
                    Name(
                        c#90,
                    ),
                ),
                ty: Bool,
                no_mangle: Some(
                    (),
                ),
            },
            MirInput {
                name: "d",
                val_name: Named(
                    91,
                    "d",
                    Name(
                        d#91,
                    ),
                ),
                ty: Bool,
                no_mangle: Some(
                    (),
                ),
            },
            MirInput {
                name: "e",
                val_name: Named(
                    92,
                    "e",
                    Name(
                        e#92,
                    ),
                ),
                ty: Array {
                    inner: Bool,
                    length: 8,
                },
                no_mangle: Some(
                    (),
                ),
            },
        ],
        output: Expr(
            ExprID(
                1,
            ),
        ),
        output_type: Tuple(
            [],
        ),
        verilog_attr_groups: [],
        statements: [
            Constant(
                Expr(
                    ExprID(
                        4,
                    ),
                ),
                UInt(
                    8,
                ),
                Int(
                    137,
                ),
            ),
            Binding(
                Binding {
                    name: Expr(
                        ExprID(
                            3,
                        ),
                    ),
                    operator: Alias,
                    operands: [
                        Expr(
                            ExprID(
                                4,
                            ),
                        ),
                    ],
                    ty: UInt(
                        8,
                    ),
                    loc: Some(
                        (),
                    ),
                },
            ),
            Set {
                target: Named(
                    89,
                    "b",
                    Name(
                        b#89,
                    ),
                ),
                value: Expr(
                    ExprID(
                        3,
                    ),
                ),
            },
            Binding(
                Binding {
                    name: Expr(
                        ExprID(
                            1,
                        ),
                    ),
                    operator: Nop,
                    operands: [],
                    ty: Tuple(
                        [],
                    ),
                    loc: Some(
                        (),
                    ),
                },
            ),
        ],
        inline: false,
    },
]
