---
source: spade-tests/src/hir_lowering.rs
---
enum X {
    A
}

entity x() -> X {
    inst X::A()
}


error: Unexpected `inst` for function call
  ┌─ testinput:6:5
  │
2 │     A
  │     - A is defined as a function here
  ·
6 │     inst X::A()
  │     ^^^^ ---- Because A is a function
  │     │     
  │     Unexpected `inst`
  │
  = Consider removing the `inst`
  │
6 │     inst X::A()
  │     ----
