---
source: spade-tests/src/hir_lowering.rs
expression: "items.iter().map(| item | format! (\"{item}\")).join(\"\\n\")"
---
entity \uwu ((e, e_n77, (int<16>, bool))) -> bool {
	let e6: (int<16>, bool) = Alias(e_n77)
	let e4: int<16> = IndexTuple(0)(e_n77)
	let b_n78: bool = IndexTuple(1)(e_n77)
	const e8: int<7> = 6
	const e9: int<7> = 8
	let e231: bool = Eq(e8, e9)
	let e7: bool = Alias(e231)
	const e219: int<16> = 0
	let e218: bool = Eq(e4, e219)
	const e220: bool = true
	let e221: bool = LogicalAnd(e218, e220)
	let e222: bool = LogicalAnd(e221, e7)
	let e13: (int<16>, bool) = Alias(e_n77)
	let x_n79: int<16> = IndexTuple(0)(e_n77)
	let e12: bool = IndexTuple(1)(e_n77)
	const e15: int<7> = 0
	const e16: int<7> = 1
	let e233: bool = Eq(e15, e16)
	let e14: bool = Alias(e233)
	const e224: bool = true
	let e226: bool = LogicalAnd(e224, e12)
	let e227: bool = LogicalAnd(e226, e14)
	const e17: bool = true
	let __n80: (int<16>, bool) = Alias(e_n77)
	const e228: bool = true
	const e19: bool = false
	let e2: bool = Match(e222, b_n78, e227, e17, e228, e19)
} => e2
