---
source: spade-tests/src/auto_traits.rs
---
struct A<T> {
    x: T
}

fn needs_data<T: Data>(x: T) {}

fn test1(x: A<(inv bool, bool)>) {
    needs_data(x)
}


error: Trait bound not satisfied. A<(inv bool, bool)> does not implement core::Data
  ┌─ testinput:8:16
  │
5 │ fn needs_data<T: Data>(x: T) {}
  │                  ---- Required because of the trait bound specified here
  ·
8 │     needs_data(x)
  │                ^ A<(inv bool, bool)> does not implement core::Data
