---
source: spade-tests/src/integration.rs
expression: "items.iter().map(| item | format! (\"{item}\")).join(\"\\n\")"
---
entity \test () -> uint<8> {
	let e10: uint<8> = Instance(\generic[30] )()
} => e10
entity \generic[30] () -> uint<8> {
	let e3: {} = ConstructTuple()
	let e8: () = ConstructTuple()
	let e2: uint<8> = Instance(\impl#0::call[31] )(e3, e8)
} => e2
entity \impl#0::call[31] ((self, self_n24, {}), (args, args_n25, ())) -> uint<8> {
	const e4: uint<8> = 10
} => e4
