---
source: spade-tests/src/integration.rs
expression: "items.iter().map(| item | format! (\"{item}\")).join(\"\\n\")"
---
entity \generic[349] () -> uint<8> {
	let e3: {} = ConstructTuple()
	let e8: () = ConstructTuple()
	let e2: uint<8> = Instance(\impl#0::call[351] )(e3, e8)
} => e2
entity \generic[350] () -> uint<8> {
	let e3: {} = ConstructTuple()
	let e8: () = ConstructTuple()
	let e2: uint<8> = Instance(\impl#0::call[352] )(e3, e8)
} => e2
entity \test () -> () {
	let e10: uint<8> = Instance(\generic[349] )()
	let a_n93: uint<8> = Alias(e10)
	let e12: uint<8> = Instance(\generic[350] )()
	let b_n94: uint<8> = Alias(e12)
	let e9: () = Nop()
} => e9
entity \impl#0::call[351] ((self, self_n91, {}), (args, args_n92, ())) -> uint<8> {
	const e4: uint<8> = 10
} => e4
entity \impl#0::call[352] ((self, self_n91, {}), (args, args_n92, ())) -> uint<8> {
	const e4: uint<8> = 20
} => e4
