---
source: spade-tests/src/inline.rs
expression: "itertools :: Itertools ::\njoin(& mut items.iter().map(| item | format! (\"{item}\")), \"\\n\")"
---
entity \test () -> uint<9> {
	const e14: uint<8> = 1
	let val_n100: uint<8> = Alias(e14)
	const e321: uint<8> = 2
	let e324: uint<9> = UnsignedAdd(val_n100, e321)
	let e320: uint<9> = Alias(e324)
	let e16: uint<9> = Alias(e320)
} => e16
entity \test_inner () -> uint<9> {
	const e7: uint<8> = 0
	const e8: uint<8> = 1
	let e318: uint<9> = UnsignedAdd(e7, e8)
	let e6: uint<9> = Alias(e318)
} => e6
