---
source: spade-tests/src/integration.rs
expression: "items.iter().map(| item | format! (\"{item}\")).join(\"\\n\")"
---
entity \test () -> uint<8> {
	let e10: uint<8> = Instance(\generic[28] )()
} => e10
entity \generic[28] () -> uint<8> {
	let e3: {} = ConstructTuple()
	let e8: () = ConstructTuple()
	let e2: uint<8> = Instance(\impl_0::call[29] )(e3, e8)
} => e2
entity \impl_0::call[29] ((self, self_n22, {}), (args, args_n23, ())) -> uint<8> {
	const e4: uint<8> = 10
} => e4
