---
source: spade-tests/src/const_generics.rs
expression: "itertools :: Itertools ::\njoin(& mut items.iter().map(| item | format! (\"{item}\")), \"\\n\")"
---
entity \bar () -> () {
	const e4: uint<3> = 0
	let e3: () = Instance(\foo[528] )(e4)
	let __n104: () = Alias(e3)
	const e7: uint<4> = 0
	let e6: () = Instance(\foo[529] )(e7)
	let __n105: () = Alias(e6)
	let e2: () = Nop()
} => e2
entity \foo[528] ((value, value_n103, uint<3>)) -> () {
	let e1: () = Nop()
} => e1
entity \foo[529] ((value, value_n103, uint<4>)) -> () {
	let e1: () = Nop()
} => e1
