---
source: spade-tests/src/data_requirements.rs
---
fn test(sel: bool, x: inv bool, y: inv bool) -> inv bool {
    if sel {
        x
    } else {
        y
    }
}


error: Trait bound not satisfied. inv bool does not implement core::marker::Data
  ┌─ testinput:2:12
  │      
2 │     ╭     if sel {
  │ ╭────────────────^
  │ │ ╭──────────────'
3 │ │ │ │         x
4 │ │ │ │     } else {
  │ ╰─│─│─────^ inv bool does not implement core::marker::Data
  │   ╰─│─────' Required because of the trait bound specified here
5 │     │         y
6 │     │     }
  │     ╰─────' The result of an if-expression must be Data.
  │      
  = help: An expression not being Data typically means it contains at least one `inv` type
  = help: You can learn more about `Data` here: https://docs.spade-lang.org/typst/wires.html
