---
source: spade-tests/src/typeinference.rs
---
trait Trait {}

impl Trait for uint<5> {}

fn needs_trait<T: Trait>(x: T) {}

fn test() {
    decl x;
    needs_trait(x);
    let x: uint<9> = 0;
}


error: Expected type uint<9>, got Trait
   ┌─ testinput:10:22
   │
10 │     let x: uint<9> = 0;
   │         -  -------   ^ Expected uint<9>
   │         │  │          
   │         │  Type uint<9> inferred here
   │         Type Trait inferred here
   │
   = note: Expected: uint<9>
                Got: Trait
