---
source: spade-tests/src/integration.rs
snapshot_kind: text
---
struct X<T> {}
impl<#uint N> X<[bool; N]> {
    fn method(self) {}
}

impl X<[bool; 3]> {
    fn method(self) {}
}


error: X<[bool; 3]> already has a method named method
  ┌─ testinput:7:5
  │
3 │     fn method(self) {}
  │     ------------------ Previous definition here
  ·
7 │     fn method(self) {}
  │     ^^^^^^^^^^^^^^^^^^ Duplicate method
