---
source: spade-tests/src/hir_lowering.rs
---
extern entity consumer(#[no_mangle] t: inout<int<8>>);

entity test(clk: clock, #[no_mangle] t: inout<int<8>>) {
    reg(clk) t_ = t;
    inst consumer(t_)
}

error: Trait bound not satisfied. inout<int<8>> does not implement core::Data
  ┌─ testinput:4:14
  │
4 │     reg(clk) t_ = t;
  │              ^^
  │              │
  │              inout<int<8>> does not implement core::Data
  │              Required because of the trait bound specified here
