---
source: spade-tests/src/inline.rs
expression: "itertools :: Itertools ::\njoin(& mut items.iter().map(| item | format! (\"{item}\")), \"\\n\")"
---
entity \test () -> uint<8> {
	const e34: uint<10> = 3
	let x_n34: uint<10> = Alias(e34)
	const e50: uint<10> = 2
	let x_n45: uint<10> = Alias(e50)
	const e72: uint<10> = 1
	let x_n60: uint<10> = Alias(e72)
	const e100: uint<10> = 0
	let x_n79: uint<10> = Alias(e100)
	const e99: uint<8> = 0
	let e84: uint<8> = Alias(e99)
	let result_n70: uint<8> = Alias(e84)
	let e73: uint<8> = Alias(result_n70)
	let e62: uint<8> = Alias(e73)
	let result_n53: uint<8> = Alias(e62)
	let e51: uint<8> = Alias(result_n53)
	let e43: uint<8> = Alias(e51)
	let result_n40: uint<8> = Alias(e43)
	let e35: uint<8> = Alias(result_n40)
	let e32: uint<8> = Alias(e35)
	let result_n32: uint<8> = Alias(e32)
	let e19: uint<8> = Alias(result_n32)
} => e19
