---
source: spade-tests/src/hir_lowering.rs
expression: "format! (\"{}\", items [0])"
---
entity \test ((clk, clk_n13, bool), (x, x_n14, [uint<8>; 3])) -> [uint<8>; 3] {
	let e4: uint<8> = IndexTuple(0)(x_n14)
	reg(clk_n13) e5: uint<8> = e4
	let e6: uint<8> = IndexTuple(1)(x_n14)
	reg(clk_n13) e7: uint<8> = e6
	let e8: uint<8> = IndexTuple(2)(x_n14)
	reg(clk_n13) e9: uint<8> = e8
	let s1_x_n19: [uint<8>; 3] = ConstructTuple(e5, e7, e9)
} => s1_x_n19
