---
source: spade-tests/src/hir_lowering.rs
expression: "items.iter().map(| item | format! (\"{item}\")).join(\"\\n\")"
---
entity \test () -> () {
	let e3: {} = ConstructTuple()
	const e12: bool = true
	let e11: {value: bool} = ConstructTuple(e12)
	let e10: ({value: bool}) = ConstructTuple(e11)
	let e2: bool = Instance(\impl#0::call[522] )(e3, e10)
	let x_n101: bool = Alias(e2)
	let e1: () = Nop()
} => e1
entity \impl#0::call[522] ((self, self_n99, {}), (args, args_n100, ({value: bool}))) -> bool {
	let e388: {value: bool} = IndexTuple(0)(args_n100)
	let a_n90: {value: bool} = Alias(e388)
	let e5: bool = IndexTuple(0)(a_n90)
} => e5
