---
source: spade-tests/src/hir_lowering.rs
---
fn a<T>() -> T __builtin__

fn main() -> int<32> {
    a()
}


error: Generic builtins with non-number parameters cannot be instantiated
  ┌─ testinput:4:5
  │
1 │ fn a<T>() -> T __builtin__
  │ -------------------------- Because this generic __builtin__ has a type parameter
  ·
4 │     a()
  │     ^^^ Invalid instance
  │
  = Remove this parameter
  │
1 │ fn a<T>() -> T __builtin__
  │      -
